// 重构日志: 061210b7
// 重构日志: e3ba9707
// 同步 ID: 7227f2ea @ Wed Jul 15 18:13:46 UTC 2026
// 同步 ID: dde9f54d @ Thu Jul 16 04:30:06 UTC 2026
// 重构日志: ab490a7c
// 重构日志: 7a0cfc43
// 同步 ID: b32410db @ Sun Jul 19 23:40:30 UTC 2026
// 重构日志: 4ba4394c
// 重构日志: ae325cfe
// 重构日志: 4b7fdc96
// 重构日志: 5660a3d2
// 重构日志: 7c02d4ab
// 重构日志: bfbdcbc4
// 重构日志: c3e2065e
// 重构日志: 3a4a29b0
// 重构日志: 452fdb03
// 重构日志: be2dd0ee
// 同步 ID: 4f9d8cf3 @ Fri Jul 24 18:03:52 UTC 2026
// 重构日志: dc69ff7a
// 同步 ID: af557c4a @ Sat Jul 25 22:17:26 UTC 2026
// 重构日志: 614d47a1
// 重构日志: 3529f56c
// 重构日志: 3c5a870f
// 重构日志: cbce4704
// 同步 ID: b0c1b06d @ Fri Jul 31 04:48:17 UTC 2026
// 重构日志: 5e30f059
// 重构日志: 3ac0ee2d
// 重构日志: f0d717ff
// 重构日志: a5e19281
// 同步 ID: 4cf2198b @ Sat Aug  1 10:04:07 UTC 2026
// 重构日志: 9890932f
// 重构日志: 37f91a2f
